
2024-01-14 16:30:45,374 - root - INFO - Building Model ...
--- Logging error ---
Traceback (most recent call last):
  File "/opt/ml/input/code/dkt/dkt/trainer.py", line 177, in get_model
    model = {
TypeError: LSTM.__init__() missing 1 required positional argument: 'args'
During handling of the above exception, another exception occurred:
Traceback (most recent call last):
  File "/opt/ml/miniconda3/envs/dkt/lib/python3.10/logging/__init__.py", line 1100, in emit
    msg = self.format(record)
  File "/opt/ml/miniconda3/envs/dkt/lib/python3.10/logging/__init__.py", line 943, in format
    return fmt.format(record)
  File "/opt/ml/miniconda3/envs/dkt/lib/python3.10/logging/__init__.py", line 678, in format
    record.message = record.getMessage()
  File "/opt/ml/miniconda3/envs/dkt/lib/python3.10/logging/__init__.py", line 368, in getMessage
    msg = msg % self.args
TypeError: not enough arguments for format string
Call stack:
  File "/opt/ml/input/code/dkt/train.py", line 43, in <module>
    main(args) # main함수 실행 -> 학습!!!!!!!!!!!
  File "/opt/ml/input/code/dkt/train.py", line 32, in main
    model: torch.nn.Module = trainer.get_model(args=args).to(args.device)
  File "/opt/ml/input/code/dkt/dkt/trainer.py", line 185, in get_model
    logger.warn("Error while loading %s with args: %s", model_name,**model_args)
Message: 'Error while loading %s with args: %s'
Arguments: ('lstm',)
--- Logging error ---
Traceback (most recent call last):
  File "/opt/ml/input/code/dkt/dkt/trainer.py", line 177, in get_model
    model = {
TypeError: LSTM.__init__() missing 1 required positional argument: 'args'
During handling of the above exception, another exception occurred:
Traceback (most recent call last):
  File "/opt/ml/miniconda3/envs/dkt/lib/python3.10/logging/__init__.py", line 1100, in emit
    msg = self.format(record)
  File "/opt/ml/miniconda3/envs/dkt/lib/python3.10/logging/__init__.py", line 943, in format
    return fmt.format(record)
  File "/opt/ml/miniconda3/envs/dkt/lib/python3.10/logging/__init__.py", line 678, in format
    record.message = record.getMessage()
  File "/opt/ml/miniconda3/envs/dkt/lib/python3.10/logging/__init__.py", line 368, in getMessage
    msg = msg % self.args
TypeError: not enough arguments for format string
Call stack:
  File "/opt/ml/input/code/dkt/train.py", line 43, in <module>
    main(args) # main함수 실행 -> 학습!!!!!!!!!!!
  File "/opt/ml/input/code/dkt/train.py", line 32, in main
    model: torch.nn.Module = trainer.get_model(args=args).to(args.device)
  File "/opt/ml/input/code/dkt/dkt/trainer.py", line 185, in get_model
    logger.warn("Error while loading %s with args: %s", model_name,**model_args)
Message: 'Error while loading %s with args: %s'
Arguments: ('lstm',)
Traceback (most recent call last):
  File "/opt/ml/input/code/dkt/train.py", line 43, in <module>
    main(args) # main함수 실행 -> 학습!!!!!!!!!!!
  File "/opt/ml/input/code/dkt/train.py", line 32, in main
    model: torch.nn.Module = trainer.get_model(args=args).to(args.device)
  File "/opt/ml/input/code/dkt/dkt/trainer.py", line 186, in get_model
    raise e
  File "/opt/ml/input/code/dkt/dkt/trainer.py", line 177, in get_model
    model = {
TypeError: LSTM.__init__() missing 1 required positional argument: 'args'